#HeaderRevision 0
#
# File generated by...
# program:   StateDMI 2.01.00 (2007-01-04)
# user:      kat
# date:      Thu Mar 01 22:07:27 GMT 2007
# host:      cimarron
# directory: C:\Development\StateDMI\StateDMI\test\regression\commands\CDSS_General\writeCropPatternTSToStateCU
# command:   StateDMI -home test\operational\CDSS 
#-----------------------------------------------------------------------
# Last command file: "C:\Development\StateDMI\StateDMI\test\regression\commands\CDSS_General\writeCropPatternTSToStateCU\fromHydroBase_WriteV12.StateDMI"
#
# Commands used to generate output:
#
# startLog(LogFile="fromHydroBase_Writev12.log")
# setOutputPeriod(1950,2002)
# setCULocation(ID="200812",IfNotFound=Add)
# fillCULocationsFromHydroBase(ID="*",CULocType="Structure",Region1Type="County",Region2Type="HUC")
# createCropPatternTSForCULocations(ID="*",Units="ACRE")
# readCropPatternTSFromHydroBase(ID="*")
# writeCropPatternTSToStateCU(OutputFile="fromHydroToV12.cds.expected",WriteHow=OverwriteFile)
#----
# 
# -----------------------------------------------------------------------------
# HydroBase database is: HydroBase on hbserver
# HydroBase.db_version:  design version: 20061003  last data change: 20070206
# HydroBase table structure for software is at least 2005111520051115
# HydroBase input name is "".
# Stored procedures are being used.
# -----------------------------------------------------------------------------
# 
#------------------------------------------------
#>
#>  StateCU Crop Patterns (CDS) File
#>
#>  Header format (i5,1x,i4,5x,i5,1x,i4,a5,a5)
#>
#>  month1           :  Beginning month of data (always 1).
#>  year1            :  Beginning year of data (calendar year).
#>  month2           :  Ending month of data (always 12).
#>  year2            :  Ending year of data (calendar year).
#>  units            :  Data units for crop areas.
#>  yeartype         :  Year type (always CYR for calendar).
#>
#>  Record 1 format (i4,1x,a12,18x,f10.0,i10)- for each year/CULocation.
#>
#>  Yr            tyr:  Year for data (calendar year).
#>  CULocation    tid:  CU Location ID (e.g., structure/station).
#>  TotalAcres ttacre:  Total acreage for the CU Location.
#>  NCrop            :  Number of crops at location/year.
#>
#>  Record 2 format (5x,a30,f10.3) - for each crop for Record 1
#>
#>  CropName    cropn:  Crop name (e.g., ALFALFA).
#>  Fraction     tpct:  Decimal fraction of total acreage
#>                      for the crop (0.0 to 1.0).
#>                      Fractions should add to 1.0.
#>  Acres       acres:  Acreage for crop (equal to total
#>                      * fraction as shown in file.
#>
#>Yr  CULocation     TotalArea       NCrop
#>-exb----------exxxxxxxxb--------eb--------e
#>     CropName                    Fraction    Acres
#>xxxb----------------------------eb--------eb--------e
#>EndHeader
      1950           2002       ACR
1950 200812                             0.000         5
     ALFALFA                            0.000     0.000
     GRASS_PASTURE                      0.000     0.000
     POTATOES                           0.000     0.000
     SMALL_GRAINS                       0.000     0.000
     VEGETABLES                         0.000     0.000
1951 200812                             0.000         5
     ALFALFA                            0.000     0.000
     GRASS_PASTURE                      0.000     0.000
     POTATOES                           0.000     0.000
     SMALL_GRAINS                       0.000     0.000
     VEGETABLES                         0.000     0.000
1952 200812                             0.000         5
     ALFALFA                            0.000     0.000
     GRASS_PASTURE                      0.000     0.000
     POTATOES                           0.000     0.000
     SMALL_GRAINS                       0.000     0.000
     VEGETABLES                         0.000     0.000
1953 200812                             0.000         5
     ALFALFA                            0.000     0.000
     GRASS_PASTURE                      0.000     0.000
     POTATOES                           0.000     0.000
     SMALL_GRAINS                       0.000     0.000
     VEGETABLES                         0.000     0.000
1954 200812                             0.000         5
     ALFALFA                            0.000     0.000
     GRASS_PASTURE                      0.000     0.000
     POTATOES                           0.000     0.000
     SMALL_GRAINS                       0.000     0.000
     VEGETABLES                         0.000     0.000
1955 200812                             0.000         5
     ALFALFA                            0.000     0.000
     GRASS_PASTURE                      0.000     0.000
     POTATOES                           0.000     0.000
     SMALL_GRAINS                       0.000     0.000
     VEGETABLES                         0.000     0.000
1956 200812                             0.000         5
     ALFALFA                            0.000     0.000
     GRASS_PASTURE                      0.000     0.000
     POTATOES                           0.000     0.000
     SMALL_GRAINS                       0.000     0.000
     VEGETABLES                         0.000     0.000
1957 200812                             0.000         5
     ALFALFA                            0.000     0.000
     GRASS_PASTURE                      0.000     0.000
     POTATOES                           0.000     0.000
     SMALL_GRAINS                       0.000     0.000
     VEGETABLES                         0.000     0.000
1958 200812                             0.000         5
     ALFALFA                            0.000     0.000
     GRASS_PASTURE                      0.000     0.000
     POTATOES                           0.000     0.000
     SMALL_GRAINS                       0.000     0.000
     VEGETABLES                         0.000     0.000
1959 200812                             0.000         5
     ALFALFA                            0.000     0.000
     GRASS_PASTURE                      0.000     0.000
     POTATOES                           0.000     0.000
     SMALL_GRAINS                       0.000     0.000
     VEGETABLES                         0.000     0.000
1960 200812                             0.000         5
     ALFALFA                            0.000     0.000
     GRASS_PASTURE                      0.000     0.000
     POTATOES                           0.000     0.000
     SMALL_GRAINS                       0.000     0.000
     VEGETABLES                         0.000     0.000
1961 200812                             0.000         5
     ALFALFA                            0.000     0.000
     GRASS_PASTURE                      0.000     0.000
     POTATOES                           0.000     0.000
     SMALL_GRAINS                       0.000     0.000
     VEGETABLES                         0.000     0.000
1962 200812                             0.000         5
     ALFALFA                            0.000     0.000
     GRASS_PASTURE                      0.000     0.000
     POTATOES                           0.000     0.000
     SMALL_GRAINS                       0.000     0.000
     VEGETABLES                         0.000     0.000
1963 200812                             0.000         5
     ALFALFA                            0.000     0.000
     GRASS_PASTURE                      0.000     0.000
     POTATOES                           0.000     0.000
     SMALL_GRAINS                       0.000     0.000
     VEGETABLES                         0.000     0.000
1964 200812                             0.000         5
     ALFALFA                            0.000     0.000
     GRASS_PASTURE                      0.000     0.000
     POTATOES                           0.000     0.000
     SMALL_GRAINS                       0.000     0.000
     VEGETABLES                         0.000     0.000
1965 200812                             0.000         5
     ALFALFA                            0.000     0.000
     GRASS_PASTURE                      0.000     0.000
     POTATOES                           0.000     0.000
     SMALL_GRAINS                       0.000     0.000
     VEGETABLES                         0.000     0.000
1966 200812                             0.000         5
     ALFALFA                            0.000     0.000
     GRASS_PASTURE                      0.000     0.000
     POTATOES                           0.000     0.000
     SMALL_GRAINS                       0.000     0.000
     VEGETABLES                         0.000     0.000
1967 200812                             0.000         5
     ALFALFA                            0.000     0.000
     GRASS_PASTURE                      0.000     0.000
     POTATOES                           0.000     0.000
     SMALL_GRAINS                       0.000     0.000
     VEGETABLES                         0.000     0.000
1968 200812                             0.000         5
     ALFALFA                            0.000     0.000
     GRASS_PASTURE                      0.000     0.000
     POTATOES                           0.000     0.000
     SMALL_GRAINS                       0.000     0.000
     VEGETABLES                         0.000     0.000
1969 200812                             0.000         5
     ALFALFA                            0.000     0.000
     GRASS_PASTURE                      0.000     0.000
     POTATOES                           0.000     0.000
     SMALL_GRAINS                       0.000     0.000
     VEGETABLES                         0.000     0.000
1970 200812                             0.000         5
     ALFALFA                            0.000     0.000
     GRASS_PASTURE                      0.000     0.000
     POTATOES                           0.000     0.000
     SMALL_GRAINS                       0.000     0.000
     VEGETABLES                         0.000     0.000
1971 200812                             0.000         5
     ALFALFA                            0.000     0.000
     GRASS_PASTURE                      0.000     0.000
     POTATOES                           0.000     0.000
     SMALL_GRAINS                       0.000     0.000
     VEGETABLES                         0.000     0.000
1972 200812                             0.000         5
     ALFALFA                            0.000     0.000
     GRASS_PASTURE                      0.000     0.000
     POTATOES                           0.000     0.000
     SMALL_GRAINS                       0.000     0.000
     VEGETABLES                         0.000     0.000
1973 200812                             0.000         5
     ALFALFA                            0.000     0.000
     GRASS_PASTURE                      0.000     0.000
     POTATOES                           0.000     0.000
     SMALL_GRAINS                       0.000     0.000
     VEGETABLES                         0.000     0.000
1974 200812                             0.000         5
     ALFALFA                            0.000     0.000
     GRASS_PASTURE                      0.000     0.000
     POTATOES                           0.000     0.000
     SMALL_GRAINS                       0.000     0.000
     VEGETABLES                         0.000     0.000
1975 200812                             0.000         5
     ALFALFA                            0.000     0.000
     GRASS_PASTURE                      0.000     0.000
     POTATOES                           0.000     0.000
     SMALL_GRAINS                       0.000     0.000
     VEGETABLES                         0.000     0.000
1976 200812                             0.000         5
     ALFALFA                            0.000     0.000
     GRASS_PASTURE                      0.000     0.000
     POTATOES                           0.000     0.000
     SMALL_GRAINS                       0.000     0.000
     VEGETABLES                         0.000     0.000
1977 200812                             0.000         5
     ALFALFA                            0.000     0.000
     GRASS_PASTURE                      0.000     0.000
     POTATOES                           0.000     0.000
     SMALL_GRAINS                       0.000     0.000
     VEGETABLES                         0.000     0.000
1978 200812                             0.000         5
     ALFALFA                            0.000     0.000
     GRASS_PASTURE                      0.000     0.000
     POTATOES                           0.000     0.000
     SMALL_GRAINS                       0.000     0.000
     VEGETABLES                         0.000     0.000
1979 200812                             0.000         5
     ALFALFA                            0.000     0.000
     GRASS_PASTURE                      0.000     0.000
     POTATOES                           0.000     0.000
     SMALL_GRAINS                       0.000     0.000
     VEGETABLES                         0.000     0.000
1980 200812                             0.000         5
     ALFALFA                            0.000     0.000
     GRASS_PASTURE                      0.000     0.000
     POTATOES                           0.000     0.000
     SMALL_GRAINS                       0.000     0.000
     VEGETABLES                         0.000     0.000
1981 200812                             0.000         5
     ALFALFA                            0.000     0.000
     GRASS_PASTURE                      0.000     0.000
     POTATOES                           0.000     0.000
     SMALL_GRAINS                       0.000     0.000
     VEGETABLES                         0.000     0.000
1982 200812                             0.000         5
     ALFALFA                            0.000     0.000
     GRASS_PASTURE                      0.000     0.000
     POTATOES                           0.000     0.000
     SMALL_GRAINS                       0.000     0.000
     VEGETABLES                         0.000     0.000
1983 200812                             0.000         5
     ALFALFA                            0.000     0.000
     GRASS_PASTURE                      0.000     0.000
     POTATOES                           0.000     0.000
     SMALL_GRAINS                       0.000     0.000
     VEGETABLES                         0.000     0.000
1984 200812                             0.000         5
     ALFALFA                            0.000     0.000
     GRASS_PASTURE                      0.000     0.000
     POTATOES                           0.000     0.000
     SMALL_GRAINS                       0.000     0.000
     VEGETABLES                         0.000     0.000
1985 200812                             0.000         5
     ALFALFA                            0.000     0.000
     GRASS_PASTURE                      0.000     0.000
     POTATOES                           0.000     0.000
     SMALL_GRAINS                       0.000     0.000
     VEGETABLES                         0.000     0.000
1986 200812                             0.000         5
     ALFALFA                            0.000     0.000
     GRASS_PASTURE                      0.000     0.000
     POTATOES                           0.000     0.000
     SMALL_GRAINS                       0.000     0.000
     VEGETABLES                         0.000     0.000
1987 200812                             0.000         5
     ALFALFA                            0.000     0.000
     GRASS_PASTURE                      0.000     0.000
     POTATOES                           0.000     0.000
     SMALL_GRAINS                       0.000     0.000
     VEGETABLES                         0.000     0.000
1988 200812                             0.000         5
     ALFALFA                            0.000     0.000
     GRASS_PASTURE                      0.000     0.000
     POTATOES                           0.000     0.000
     SMALL_GRAINS                       0.000     0.000
     VEGETABLES                         0.000     0.000
1989 200812                             0.000         5
     ALFALFA                            0.000     0.000
     GRASS_PASTURE                      0.000     0.000
     POTATOES                           0.000     0.000
     SMALL_GRAINS                       0.000     0.000
     VEGETABLES                         0.000     0.000
1990 200812                             0.000         5
     ALFALFA                            0.000     0.000
     GRASS_PASTURE                      0.000     0.000
     POTATOES                           0.000     0.000
     SMALL_GRAINS                       0.000     0.000
     VEGETABLES                         0.000     0.000
1991 200812                             0.000         5
     ALFALFA                            0.000     0.000
     GRASS_PASTURE                      0.000     0.000
     POTATOES                           0.000     0.000
     SMALL_GRAINS                       0.000     0.000
     VEGETABLES                         0.000     0.000
1992 200812                             0.000         5
     ALFALFA                            0.000     0.000
     GRASS_PASTURE                      0.000     0.000
     POTATOES                           0.000     0.000
     SMALL_GRAINS                       0.000     0.000
     VEGETABLES                         0.000     0.000
1993 200812                             0.000         5
     ALFALFA                            0.000     0.000
     GRASS_PASTURE                      0.000     0.000
     POTATOES                           0.000     0.000
     SMALL_GRAINS                       0.000     0.000
     VEGETABLES                         0.000     0.000
1994 200812                             0.000         5
     ALFALFA                            0.000     0.000
     GRASS_PASTURE                      0.000     0.000
     POTATOES                           0.000     0.000
     SMALL_GRAINS                       0.000     0.000
     VEGETABLES                         0.000     0.000
1995 200812                             0.000         5
     ALFALFA                            0.000     0.000
     GRASS_PASTURE                      0.000     0.000
     POTATOES                           0.000     0.000
     SMALL_GRAINS                       0.000     0.000
     VEGETABLES                         0.000     0.000
1996 200812                             0.000         5
     ALFALFA                            0.000     0.000
     GRASS_PASTURE                      0.000     0.000
     POTATOES                           0.000     0.000
     SMALL_GRAINS                       0.000     0.000
     VEGETABLES                         0.000     0.000
1997 200812                             0.000         5
     ALFALFA                            0.000     0.000
     GRASS_PASTURE                      0.000     0.000
     POTATOES                           0.000     0.000
     SMALL_GRAINS                       0.000     0.000
     VEGETABLES                         0.000     0.000
1998 200812                         84513.882         5
     ALFALFA                            0.258 21804.581
     GRASS_PASTURE                      0.140 11831.943
     POTATOES                           0.270 22818.748
     SMALL_GRAINS                       0.310 26199.303
     VEGETABLES                         0.023  1943.819
1999 200812                             0.000         5
     ALFALFA                            0.000     0.000
     GRASS_PASTURE                      0.000     0.000
     POTATOES                           0.000     0.000
     SMALL_GRAINS                       0.000     0.000
     VEGETABLES                         0.000     0.000
2000 200812                             0.000         5
     ALFALFA                            0.000     0.000
     GRASS_PASTURE                      0.000     0.000
     POTATOES                           0.000     0.000
     SMALL_GRAINS                       0.000     0.000
     VEGETABLES                         0.000     0.000
2001 200812                             0.000         5
     ALFALFA                            0.000     0.000
     GRASS_PASTURE                      0.000     0.000
     POTATOES                           0.000     0.000
     SMALL_GRAINS                       0.000     0.000
     VEGETABLES                         0.000     0.000
2002 200812                          7454.604         5
     ALFALFA                            0.339  2527.111
     GRASS_PASTURE                      0.126   939.280
     POTATOES                           0.256  1908.379
     SMALL_GRAINS                       0.259  1930.742
     VEGETABLES                         0.020   149.092
